// Jest Snapshot v1, https://goo.gl/fbAQLP

exports[`<PhotoDetail/> Matches the snapshot 1`] = `
<PhotoDetail
  author="nobody@flickr.com (\\"wholesalealisa\\")"
  handleBackButtonClick={[MockFunction]}
  link="https://www.flickr.com/photos/186442569@N08/49546287068/"
  media="https://live.staticflickr.com/65535/49546287068_db0d0b61b8_m.jpg"
  publishedDate="2020-02-17T00:08:53-08:00"
  tags=""
  title="GODAVARI BY KERSOM 101 To 108 Series Kurtis Wholesale 8 Pcs"
>
  <Button
    as="button"
    className="ui button backButton"
    onClick={[MockFunction]}
  >
    <Ref
      innerRef={
        Object {
          "current": <button
            class="ui button ui button backButton"
          >
            <i
              aria-hidden="true"
              class="arrow left icon"
            />
          </button>,
        }
      }
    >
      <RefFindNode
        innerRef={
          Object {
            "current": <button
              class="ui button ui button backButton"
            >
              <i
                aria-hidden="true"
                class="arrow left icon"
              />
            </button>,
          }
        }
      >
        <button
          className="ui button ui button backButton"
          onClick={[Function]}
        >
          <Icon
            as="i"
            name="arrow left"
          >
            <i
              aria-hidden="true"
              className="arrow left icon"
              onClick={[Function]}
            />
          </Icon>
        </button>
      </RefFindNode>
    </Ref>
  </Button>
  <Container
    className="photoCardContainer"
  >
    <div
      className="ui container photoCardContainer"
    >
      <Card
        className="photoCard"
        href="https://www.flickr.com/photos/186442569@N08/49546287068/"
      >
        <a
          className="ui card photoCard"
          href="https://www.flickr.com/photos/186442569@N08/49546287068/"
          onClick={[Function]}
        >
          <Image
            as="img"
            src="https://live.staticflickr.com/65535/49546287068_db0d0b61b8_m.jpg"
            ui={false}
            wrapped={true}
          >
            <div
              className="image"
            >
              <img
                src="https://live.staticflickr.com/65535/49546287068_db0d0b61b8_m.jpg"
              />
            </div>
          </Image>
          <CardContent>
            <div
              className="content"
            >
              <CardHeader>
                <div
                  className="header"
                >
                  GODAVARI BY KERSOM 101 To 108 Series Kurtis Wholesale 8 Pcs
                </div>
              </CardHeader>
              <CardMeta>
                <div
                  className="meta"
                >
                  17/02/2020
                </div>
              </CardMeta>
            </div>
          </CardContent>
          <CardContent
            extra={true}
          >
            <div
              className="extra content"
            >
              <a>
                <Icon
                  as="i"
                  name="user"
                >
                  <i
                    aria-hidden="true"
                    className="user icon"
                    onClick={[Function]}
                  />
                </Icon>
                nobody@flickr.com ("wholesalealisa")
              </a>
            </div>
          </CardContent>
          <CardContent
            extra={true}
          >
            <div
              className="extra content"
            >
              <a>
                <Icon
                  as="i"
                  name="tags"
                >
                  <i
                    aria-hidden="true"
                    className="tags icon"
                    onClick={[Function]}
                  />
                </Icon>
              </a>
            </div>
          </CardContent>
        </a>
      </Card>
    </div>
  </Container>
</PhotoDetail>
`;
