// Jest Snapshot v1, https://goo.gl/fbAQLP

exports[`<FlickrApp/> Matches the snapshot 1`] = `
<FlickrApp
  activePage={1}
  currentFeed={
    Object {
      "author": "nobody@flickr.com (\\"Sergio J. Dominguez Leal\\")",
      "author_id": "41423105@N02",
      "date_taken": "2020-02-16T18:49:41-08:00",
      "description": " <p><a href=\\"https://www.flickr.com/people/sergiodominguez/\\">Sergio J. Dominguez Leal</a> posted a photo:</p> <p><a href=\\"https://www.flickr.com/photos/sergiodominguez/49546287688/\\" title=\\"Foto con el móvil y retocado con snapseed tren frontal #Tren #snapseed #sevilla\\"><img src=\\"https://live.staticflickr.com/65535/49546287688_880725e19f_m.jpg\\" width=\\"114\\" height=\\"240\\" alt=\\"Foto con el móvil y retocado con snapseed tren frontal #Tren #snapseed #sevilla\\" /></a></p> ",
      "link": "https://www.flickr.com/photos/sergiodominguez/49546287688/",
      "media": Object {
        "m": "https://live.staticflickr.com/65535/49546287688_880725e19f_m.jpg",
      },
      "published": "2020-02-17T08:09:11Z",
      "tags": "tren snapseed sevilla",
      "title": "Foto con el móvil y retocado con snapseed tren frontal #Tren #snapseed #sevilla",
    }
  }
  feedTitle="Uploads from everyone"
  feeds={
    Array [
      Object {
        "author": "nobody@flickr.com (\\"wholesalealisa\\")",
        "author_id": "186442569@N08",
        "date_taken": "2020-02-17T00:08:53-08:00",
        "description": " <p><a href=\\"https://www.flickr.com/people/186442569@N08/\\">wholesalealisa</a> posted a photo:</p> <p><a href=\\"https://www.flickr.com/photos/186442569@N08/49546287068/\\" title=\\"GODAVARI BY KERSOM 101 To 108 Series Kurtis Wholesale 8 Pcs\\"><img src=\\"https://live.staticflickr.com/65535/49546287068_db0d0b61b8_m.jpg\\" width=\\"164\\" height=\\"240\\" alt=\\"GODAVARI BY KERSOM 101 To 108 Series Kurtis Wholesale 8 Pcs\\" /></a></p> <p> <a href=\\"http://bit.ly/3bOx9cj\\" rel=\\"noreferrer nofollow\\">bit.ly/3bOx9cj</a></p>",
        "link": "https://www.flickr.com/photos/186442569@N08/49546287068/",
        "media": Object {
          "m": "https://live.staticflickr.com/65535/49546287068_db0d0b61b8_m.jpg",
        },
        "published": "2020-02-17T08:08:53Z",
        "tags": "",
        "title": "GODAVARI BY KERSOM 101 To 108 Series Kurtis Wholesale 8 Pcs",
      },
      Object {
        "author": "nobody@flickr.com (\\"Sergio J. Dominguez Leal\\")",
        "author_id": "41423105@N02",
        "date_taken": "2020-02-16T18:49:41-08:00",
        "description": " <p><a href=\\"https://www.flickr.com/people/sergiodominguez/\\">Sergio J. Dominguez Leal</a> posted a photo:</p> <p><a href=\\"https://www.flickr.com/photos/sergiodominguez/49546287688/\\" title=\\"Foto con el móvil y retocado con snapseed tren frontal #Tren #snapseed #sevilla\\"><img src=\\"https://live.staticflickr.com/65535/49546287688_880725e19f_m.jpg\\" width=\\"114\\" height=\\"240\\" alt=\\"Foto con el móvil y retocado con snapseed tren frontal #Tren #snapseed #sevilla\\" /></a></p> ",
        "link": "https://www.flickr.com/photos/sergiodominguez/49546287688/",
        "media": Object {
          "m": "https://live.staticflickr.com/65535/49546287688_880725e19f_m.jpg",
        },
        "published": "2020-02-17T08:09:11Z",
        "tags": "tren snapseed sevilla",
        "title": "Foto con el móvil y retocado con snapseed tren frontal #Tren #snapseed #sevilla",
      },
    ]
  }
  handleBackButtonClick={[MockFunction]}
  handleFeedClick={[MockFunction]}
  handlePaginationClick={[MockFunction]}
  handleSearchInput={[MockFunction]}
  isLoading={false}
  totalPages={3}
>
  <Container
    className="appContainer"
  >
    <div
      className="ui container appContainer"
    >
      <Image
        as="img"
        className="logo"
        src="logo.png"
        ui={true}
      >
        <img
          className="ui image logo"
          src="logo.png"
        />
      </Image>
      <SearchBar
        isLoading={false}
        onSearchInput={[MockFunction]}
      >
        <Container
          className="searchContainer"
        >
          <div
            className="ui container searchContainer"
          >
            <Input
              className="searchBar"
              focus={true}
              loading={false}
              onChange={[MockFunction]}
              placeholder="Search for ..."
              size="large"
              type="text"
            >
              <div
                className="ui large focus input searchBar"
              >
                <input
                  onChange={[Function]}
                  placeholder="Search for ..."
                  type="text"
                />
              </div>
            </Input>
          </div>
        </Container>
      </SearchBar>
      <PhotoDetail
        author="nobody@flickr.com (\\"Sergio J. Dominguez Leal\\")"
        handleBackButtonClick={[MockFunction]}
        link="https://www.flickr.com/photos/sergiodominguez/49546287688/"
        media="https://live.staticflickr.com/65535/49546287688_880725e19f_m.jpg"
        publishedDate="2020-02-17T08:09:11Z"
        tags="tren snapseed sevilla"
        title="Foto con el móvil y retocado con snapseed tren frontal #Tren #snapseed #sevilla"
      >
        <Button
          as="button"
          className="ui button backButton"
          onClick={[MockFunction]}
        >
          <Ref
            innerRef={
              Object {
                "current": <button
                  class="ui button ui button backButton"
                >
                  <i
                    aria-hidden="true"
                    class="arrow left icon"
                  />
                </button>,
              }
            }
          >
            <RefFindNode
              innerRef={
                Object {
                  "current": <button
                    class="ui button ui button backButton"
                  >
                    <i
                      aria-hidden="true"
                      class="arrow left icon"
                    />
                  </button>,
                }
              }
            >
              <button
                className="ui button ui button backButton"
                onClick={[Function]}
              >
                <Icon
                  as="i"
                  name="arrow left"
                >
                  <i
                    aria-hidden="true"
                    className="arrow left icon"
                    onClick={[Function]}
                  />
                </Icon>
              </button>
            </RefFindNode>
          </Ref>
        </Button>
        <Container
          className="photoCardContainer"
        >
          <div
            className="ui container photoCardContainer"
          >
            <Card
              className="photoCard"
              href="https://www.flickr.com/photos/sergiodominguez/49546287688/"
            >
              <a
                className="ui card photoCard"
                href="https://www.flickr.com/photos/sergiodominguez/49546287688/"
                onClick={[Function]}
              >
                <Image
                  as="img"
                  src="https://live.staticflickr.com/65535/49546287688_880725e19f_m.jpg"
                  ui={false}
                  wrapped={true}
                >
                  <div
                    className="image"
                  >
                    <img
                      src="https://live.staticflickr.com/65535/49546287688_880725e19f_m.jpg"
                    />
                  </div>
                </Image>
                <CardContent>
                  <div
                    className="content"
                  >
                    <CardHeader>
                      <div
                        className="header"
                      >
                        Foto con el móvil y retocado con snapseed tren frontal #Tren #snapseed #sevilla
                      </div>
                    </CardHeader>
                    <CardMeta>
                      <div
                        className="meta"
                      >
                        17/02/2020
                      </div>
                    </CardMeta>
                  </div>
                </CardContent>
                <CardContent
                  extra={true}
                >
                  <div
                    className="extra content"
                  >
                    <a>
                      <Icon
                        as="i"
                        name="user"
                      >
                        <i
                          aria-hidden="true"
                          className="user icon"
                          onClick={[Function]}
                        />
                      </Icon>
                      nobody@flickr.com ("Sergio J. Dominguez Leal")
                    </a>
                  </div>
                </CardContent>
                <CardContent
                  extra={true}
                >
                  <div
                    className="extra content"
                  >
                    <a>
                      <Icon
                        as="i"
                        name="tags"
                      >
                        <i
                          aria-hidden="true"
                          className="tags icon"
                          onClick={[Function]}
                        />
                      </Icon>
                      tren snapseed sevilla
                    </a>
                  </div>
                </CardContent>
              </a>
            </Card>
          </div>
        </Container>
      </PhotoDetail>
    </div>
  </Container>
</FlickrApp>
`;
