// Jest Snapshot v1, https://goo.gl/fbAQLP

exports[`<ArtistListItem/> Matches the snapshot 1`] = `
<ResultListItem
  handleClick={[MockFunction]}
  image="https://lastfm.freetls.fastly.net/i/u/300x300/2a96cbd8b46e442fc41c2b86b821562f.png"
  isLoading={false}
  listeners="3618819"
  name="Arctic Monkeys"
  playcount="349443530"
  url="https://www.last.fm/music/Arctic+Monkeys"
>
  <Container
    className="resultItemContainer"
  >
    <div
      className="ui container resultItemContainer"
    >
      <Item
        className="listItem"
        onClick={[Function]}
      >
        <div
          className="item listItem"
          onClick={[Function]}
        >
          <Image
            as="img"
            className="itemImage"
            src="https://lastfm.freetls.fastly.net/i/u/300x300/2a96cbd8b46e442fc41c2b86b821562f.png"
            ui={true}
          >
            <img
              className="ui image itemImage"
              src="https://lastfm.freetls.fastly.net/i/u/300x300/2a96cbd8b46e442fc41c2b86b821562f.png"
            />
          </Image>
          <ItemContent
            className="itemContent"
          >
            <div
              className="content itemContent"
            >
              <ItemHeader
                as="a"
                className="itemHeader text"
              >
                <a
                  className="header itemHeader text"
                >
                  Arctic Monkeys
                </a>
              </ItemHeader>
              <ItemMeta
                className="text"
              >
                <div
                  className="meta text"
                >
                  <Icon
                    as="i"
                    name="play"
                  >
                    <i
                      aria-hidden="true"
                      className="play icon"
                      onClick={[Function]}
                    />
                  </Icon>
                  349443530
                </div>
              </ItemMeta>
              <ItemExtra
                className="text"
              >
                <div
                  className="extra text"
                >
                  <Icon
                    as="i"
                    name="users"
                  >
                    <i
                      aria-hidden="true"
                      className="users icon"
                      onClick={[Function]}
                    />
                  </Icon>
                  3618819
                </div>
              </ItemExtra>
              <ItemExtra
                className="itemTags text"
              >
                <div
                  className="extra itemTags text"
                >
                  <Icon
                    as="i"
                    name="linkify"
                  >
                    <i
                      aria-hidden="true"
                      className="linkify icon"
                      onClick={[Function]}
                    />
                  </Icon>
                  https://www.last.fm/music/Arctic+Monkeys
                </div>
              </ItemExtra>
            </div>
          </ItemContent>
        </div>
      </Item>
    </div>
  </Container>
</ResultListItem>
`;
